// Jest Snapshot v1, https://goo.gl/fbAQLP

exports[`figma-diff-probot creates a comment with a before and after image 1`] = `
Array [
  Array [
    Object {
      "body": "
| Before | After |
| :-- | :-- |
| **Name:** \`heart\`<br>**Description:** \`keywords: love, beat\`  [<img src=\\"https://images.com/before\\" height=\\"200\\"/>](https://images.com/before) | **Name:** \`heart\`<br>**Description:** \`keywords: love, beat\`  [<img src=\\"https://images.com/after\\" height=\\"200\\"/>](https://images.com/after) |",
      "number": 1,
      "owner": "primer",
      "repo": "octicons",
    },
  ],
]
`;
